$extraAssets    = @("README.txt", "pc.ini", "LICENSE", $versionTxt, $versionDat)